// Jest Snapshot v1, https://goo.gl/fbAQLP

exports[`gux-switch #render should render as expected 1`] = `"<gux-switch-beta lang-\\"en\\"=\\"\\" layout=\\"small\\" value=\\"day\\" role=\\"group\\" class=\\"gux-small hydrated\\"><!----> <gux-switch-item value=\\"month\\" class=\\"hydrated\\"><!----><button type=\\"button\\" class=\\"gux-switch-item\\">Month</button></gux-switch-item> <gux-switch-item value=\\"week\\" class=\\"hydrated\\"><!----><button type=\\"button\\" class=\\"gux-switch-item\\">Week</button></gux-switch-item> <gux-switch-item value=\\"day\\" class=\\"gux-selected hydrated\\"><!----><button type=\\"button\\" class=\\"gux-switch-item\\">Day</button></gux-switch-item> <gux-switch-item value=\\"hour\\" disabled=\\"\\" class=\\"hydrated\\"><!----><button type=\\"button\\" class=\\"gux-switch-item\\" disabled=\\"\\">Hour</button></gux-switch-item> <gux-switch-item value=\\"minute\\" class=\\"hydrated\\"><!----><button type=\\"button\\" class=\\"gux-switch-item\\">Minute</button></gux-switch-item> </gux-switch-beta>"`;
