// Jest Snapshot v1, https://goo.gl/fbAQLP

exports[`gux-switch #render should render as expected 1`] = `
<gux-switch-beta class="gux-small" layout="small" role="group" value="day">
  <!---->
  <gux-switch-item value="month">
    <!---->
    <button class="gux-switch-item" type="button">
      Month
    </button>
  </gux-switch-item>
  <gux-switch-item value="week">
    <!---->
    <button class="gux-switch-item" type="button">
      Week
    </button>
  </gux-switch-item>
  <gux-switch-item class="gux-selected" value="day">
    <!---->
    <button class="gux-switch-item" type="button">
      Day
    </button>
  </gux-switch-item>
  <gux-switch-item disabled="" value="hour">
    <!---->
    <button class="gux-switch-item" disabled="" type="button">
      Hour
    </button>
  </gux-switch-item>
  <gux-switch-item value="minute">
    <!---->
    <button class="gux-switch-item" type="button">
      Minute
    </button>
  </gux-switch-item>
</gux-switch-beta>
`;
